The target system is: Android - 1 - armv7-a
The host system is: Linux - 6.12.58+ - x86_64
Compiling the C compiler identification source file "CMakeCCompilerId.c" succeeded.
Compiler: /home/ubuntu/android-sdk/ndk/26.1.10909125/toolchains/llvm/prebuilt/linux-x86_64/bin/clang 
Build flags: -g;-DANDROID;-fdata-sections;-ffunction-sections;-funwind-tables;-fstack-protector-strong;-no-canonical-prefixes;-D_FORTIFY_SOURCE=2;-march=armv7-a;-mthumb;-Wformat;-Werror=format-security;
Id flags: -c;--target=armv7-none-linux-androideabi24 

The output was:
0


Compilation of the C compiler identification source "CMakeCCompilerId.c" produced "CMakeCCompilerId.o"

The C compiler identification is Clang, found in "/workspace/app/.cxx/RelWithDebInfo/1s27t517/armeabi-v7a/CMakeFiles/3.22.1-g37088a8/CompilerIdC/CMakeCCompilerId.o"

Compiling the CXX compiler identification source file "CMakeCXXCompilerId.cpp" succeeded.
Compiler: /home/ubuntu/android-sdk/ndk/26.1.10909125/toolchains/llvm/prebuilt/linux-x86_64/bin/clang++ 
Build flags: -g;-DANDROID;-fdata-sections;-ffunction-sections;-funwind-tables;-fstack-protector-strong;-no-canonical-prefixes;-D_FORTIFY_SOURCE=2;-march=armv7-a;-mthumb;-Wformat;-Werror=format-security;;-O2;-fvisibility=hidden;-ffunction-sections;-fdata-sections
Id flags: -c;--target=armv7-none-linux-androideabi24 

The output was:
0


Compilation of the CXX compiler identification source "CMakeCXXCompilerId.cpp" produced "CMakeCXXCompilerId.o"

The CXX compiler identification is Clang, found in "/workspace/app/.cxx/RelWithDebInfo/1s27t517/armeabi-v7a/CMakeFiles/3.22.1-g37088a8/CompilerIdCXX/CMakeCXXCompilerId.o"

Detecting C compiler ABI info compiled with the following output:
Change Dir: /workspace/app/.cxx/RelWithDebInfo/1s27t517/armeabi-v7a/CMakeFiles/CMakeTmp

Run Build Command(s):/home/ubuntu/android-sdk/cmake/3.22.1/bin/ninja cmTC_a8c2d && [1/2] Building C object CMakeFiles/cmTC_a8c2d.dir/CMakeCCompilerABI.c.o
Android (10552028, +pgo, +bolt, +lto, -mlgo, based on r487747d) clang version 17.0.2 (https://android.googlesource.com/toolchain/llvm-project d9f89f4d16663d5012e5c09495f3b30ece3d2362)
Target: armv7-none-linux-android24
Thread model: posix
InstalledDir: /home/ubuntu/android-sdk/ndk/26.1.10909125/toolchains/llvm/prebuilt/linux-x86_64/bin
 (in-process)
 "/home/ubuntu/android-sdk/ndk/26.1.10909125/toolchains/llvm/prebuilt/linux-x86_64/bin/clang" -cc1 -triple thumbv7-none-linux-android24 -emit-obj -mrelax-all -disable-free -clear-ast-before-backend -disable-llvm-verifier -discard-value-names -main-file-name CMakeCCompilerABI.c -mrelocation-model pic -pic-level 2 -pic-is-pie -mframe-pointer=all -ffp-contract=on -fno-rounding-math -mconstructor-aliases -funwind-tables=1 -target-cpu generic -target-feature +soft-float-abi -target-feature +vfp2 -target-feature +vfp2sp -target-feature +vfp3 -target-feature +vfp3d16 -target-feature +vfp3d16sp -target-feature +vfp3sp -target-feature -fp16 -target-feature -vfp4 -target-feature -vfp4d16 -target-feature -vfp4d16sp -target-feature -vfp4sp -target-feature -fp-armv8 -target-feature -fp-armv8d16 -target-feature -fp-armv8d16sp -target-feature -fp-armv8sp -target-feature -fullfp16 -target-feature +fp64 -target-feature +d32 -target-feature +neon -target-feature -sha2 -target-feature -aes -target-feature -fp16fml -target-abi aapcs-linux -mfloat-abi soft -mllvm -treat-scalable-fixed-error-as-warning -debug-info-kind=constructor -dwarf-version=4 -debugger-tuning=gdb -v -ffunction-sections -fdata-sections -fcoverage-compilation-dir=/workspace/app/.cxx/RelWithDebInfo/1s27t517/armeabi-v7a/CMakeFiles/CMakeTmp -resource-dir /home/ubuntu/android-sdk/ndk/26.1.10909125/toolchains/llvm/prebuilt/linux-x86_64/lib/clang/17 -dependency-file CMakeFiles/cmTC_a8c2d.dir/CMakeCCompilerABI.c.o.d -MT CMakeFiles/cmTC_a8c2d.dir/CMakeCCompilerABI.c.o -sys-header-deps -D ANDROID -D _FORTIFY_SOURCE=2 -isysroot /home/ubuntu/android-sdk/ndk/26.1.10909125/toolchains/llvm/prebuilt/linux-x86_64/sysroot -internal-isystem /home/ubuntu/android-sdk/ndk/26.1.10909125/toolchains/llvm/prebuilt/linux-x86_64/lib/clang/17/include -internal-isystem /home/ubuntu/android-sdk/ndk/26.1.10909125/toolchains/llvm/prebuilt/linux-x86_64/sysroot/usr/local/include -internal-externc-isystem /home/ubuntu/android-sdk/ndk/26.1.10909125/toolchains/llvm/prebuilt/linux-x86_64/sysroot/usr/include/arm-linux-androideabi -internal-externc-isystem /home/ubuntu/android-sdk/ndk/26.1.10909125/toolchains/llvm/prebuilt/linux-x86_64/sysroot/include -internal-externc-isystem /home/ubuntu/android-sdk/ndk/26.1.10909125/toolchains/llvm/prebuilt/linux-x86_64/sysroot/usr/include -Wformat -fdebug-compilation-dir=/workspace/app/.cxx/RelWithDebInfo/1s27t517/armeabi-v7a/CMakeFiles/CMakeTmp -ferror-limit 19 -stack-protector 2 -fno-signed-char -fgnuc-version=4.2.1 -D__GCC_HAVE_DWARF2_CFI_ASM=1 -o CMakeFiles/cmTC_a8c2d.dir/CMakeCCompilerABI.c.o -x c /home/ubuntu/android-sdk/cmake/3.22.1/share/cmake-3.22/Modules/CMakeCCompilerABI.c
clang -cc1 version 17.0.2 based upon LLVM 17.0.2 default target x86_64-unknown-linux-gnu
ignoring nonexistent directory "/home/ubuntu/android-sdk/ndk/26.1.10909125/toolchains/llvm/prebuilt/linux-x86_64/sysroot/usr/local/include"
ignoring nonexistent directory "/home/ubuntu/android-sdk/ndk/26.1.10909125/toolchains/llvm/prebuilt/linux-x86_64/sysroot/include"
#include "..." search starts here:
#include <...> search starts here:
 /home/ubuntu/android-sdk/ndk/26.1.10909125/toolchains/llvm/prebuilt/linux-x86_64/lib/clang/17/include
 /home/ubuntu/android-sdk/ndk/26.1.10909125/toolchains/llvm/prebuilt/linux-x86_64/sysroot/usr/include/arm-linux-androideabi
 /home/ubuntu/android-sdk/ndk/26.1.10909125/toolchains/llvm/prebuilt/linux-x86_64/sysroot/usr/include
End of search list.
[2/2] Linking C executable cmTC_a8c2d
Android (10552028, +pgo, +bolt, +lto, -mlgo, based on r487747d) clang version 17.0.2 (https://android.googlesource.com/toolchain/llvm-project d9f89f4d16663d5012e5c09495f3b30ece3d2362)
Target: armv7-none-linux-android24
Thread model: posix
InstalledDir: /home/ubuntu/android-sdk/ndk/26.1.10909125/toolchains/llvm/prebuilt/linux-x86_64/bin
 "/home/ubuntu/android-sdk/ndk/26.1.10909125/toolchains/llvm/prebuilt/linux-x86_64/bin/ld.lld" --sysroot=/home/ubuntu/android-sdk/ndk/26.1.10909125/toolchains/llvm/prebuilt/linux-x86_64/sysroot -pie -EL -z now -z relro -z max-page-size=4096 -X --hash-style=gnu --eh-frame-hdr -m armelf_linux_eabi -dynamic-linker /system/bin/linker -o cmTC_a8c2d /home/ubuntu/android-sdk/ndk/26.1.10909125/toolchains/llvm/prebuilt/linux-x86_64/sysroot/usr/lib/arm-linux-androideabi/24/crtbegin_dynamic.o -L/home/ubuntu/android-sdk/ndk/26.1.10909125/toolchains/llvm/prebuilt/linux-x86_64/lib/clang/17/lib/linux/arm -L/home/ubuntu/android-sdk/ndk/26.1.10909125/toolchains/llvm/prebuilt/linux-x86_64/sysroot/usr/lib/arm-linux-androideabi/24 -L/home/ubuntu/android-sdk/ndk/26.1.10909125/toolchains/llvm/prebuilt/linux-x86_64/sysroot/usr/lib/arm-linux-androideabi -L/home/ubuntu/android-sdk/ndk/26.1.10909125/toolchains/llvm/prebuilt/linux-x86_64/sysroot/usr/lib/../lib -L/home/ubuntu/android-sdk/ndk/26.1.10909125/toolchains/llvm/prebuilt/linux-x86_64/sysroot/usr/lib --build-id=sha1 --no-rosegment --no-undefined-version --fatal-warnings --no-undefined CMakeFiles/cmTC_a8c2d.dir/CMakeCCompilerABI.c.o /home/ubuntu/android-sdk/ndk/26.1.10909125/toolchains/llvm/prebuilt/linux-x86_64/lib/clang/17/lib/linux/libclang_rt.builtins-arm-android.a -l:libunwind.a -ldl -lc /home/ubuntu/android-sdk/ndk/26.1.10909125/toolchains/llvm/prebuilt/linux-x86_64/lib/clang/17/lib/linux/libclang_rt.builtins-arm-android.a -l:libunwind.a -ldl /home/ubuntu/android-sdk/ndk/26.1.10909125/toolchains/llvm/prebuilt/linux-x86_64/sysroot/usr/lib/arm-linux-androideabi/24/crtend_android.o



Parsed C implicit include dir info from above output: rv=done
  found start of include info
  found start of implicit include info
    add: [/home/ubuntu/android-sdk/ndk/26.1.10909125/toolchains/llvm/prebuilt/linux-x86_64/lib/clang/17/include]
    add: [/home/ubuntu/android-sdk/ndk/26.1.10909125/toolchains/llvm/prebuilt/linux-x86_64/sysroot/usr/include/arm-linux-androideabi]
    add: [/home/ubuntu/android-sdk/ndk/26.1.10909125/toolchains/llvm/prebuilt/linux-x86_64/sysroot/usr/include]
  end of search list found
  collapse include dir [/home/ubuntu/android-sdk/ndk/26.1.10909125/toolchains/llvm/prebuilt/linux-x86_64/lib/clang/17/include] ==> [/home/ubuntu/android-sdk/ndk/26.1.10909125/toolchains/llvm/prebuilt/linux-x86_64/lib/clang/17/include]
  collapse include dir [/home/ubuntu/android-sdk/ndk/26.1.10909125/toolchains/llvm/prebuilt/linux-x86_64/sysroot/usr/include/arm-linux-androideabi] ==> [/home/ubuntu/android-sdk/ndk/26.1.10909125/toolchains/llvm/prebuilt/linux-x86_64/sysroot/usr/include/arm-linux-androideabi]
  collapse include dir [/home/ubuntu/android-sdk/ndk/26.1.10909125/toolchains/llvm/prebuilt/linux-x86_64/sysroot/usr/include] ==> [/home/ubuntu/android-sdk/ndk/26.1.10909125/toolchains/llvm/prebuilt/linux-x86_64/sysroot/usr/include]
  implicit include dirs: [/home/ubuntu/android-sdk/ndk/26.1.10909125/toolchains/llvm/prebuilt/linux-x86_64/lib/clang/17/include;/home/ubuntu/android-sdk/ndk/26.1.10909125/toolchains/llvm/prebuilt/linux-x86_64/sysroot/usr/include/arm-linux-androideabi;/home/ubuntu/android-sdk/ndk/26.1.10909125/toolchains/llvm/prebuilt/linux-x86_64/sysroot/usr/include]


Parsed C implicit link information from above output:
  link line regex: [^( *|.*[/\])(ld\.lld|CMAKE_LINK_STARTFILE-NOTFOUND|([^/\]+-)?ld|collect2)[^/\]*( |$)]
  ignore line: [Change Dir: /workspace/app/.cxx/RelWithDebInfo/1s27t517/armeabi-v7a/CMakeFiles/CMakeTmp]
  ignore line: []
  ignore line: [Run Build Command(s):/home/ubuntu/android-sdk/cmake/3.22.1/bin/ninja cmTC_a8c2d && [1/2] Building C object CMakeFiles/cmTC_a8c2d.dir/CMakeCCompilerABI.c.o]
  ignore line: [Android (10552028  +pgo  +bolt  +lto  -mlgo  based on r487747d) clang version 17.0.2 (https://android.googlesource.com/toolchain/llvm-project d9f89f4d16663d5012e5c09495f3b30ece3d2362)]
  ignore line: [Target: armv7-none-linux-android24]
  ignore line: [Thread model: posix]
  ignore line: [InstalledDir: /home/ubuntu/android-sdk/ndk/26.1.10909125/toolchains/llvm/prebuilt/linux-x86_64/bin]
  ignore line: [ (in-process)]
  ignore line: [ "/home/ubuntu/android-sdk/ndk/26.1.10909125/toolchains/llvm/prebuilt/linux-x86_64/bin/clang" -cc1 -triple thumbv7-none-linux-android24 -emit-obj -mrelax-all -disable-free -clear-ast-before-backend -disable-llvm-verifier -discard-value-names -main-file-name CMakeCCompilerABI.c -mrelocation-model pic -pic-level 2 -pic-is-pie -mframe-pointer=all -ffp-contract=on -fno-rounding-math -mconstructor-aliases -funwind-tables=1 -target-cpu generic -target-feature +soft-float-abi -target-feature +vfp2 -target-feature +vfp2sp -target-feature +vfp3 -target-feature +vfp3d16 -target-feature +vfp3d16sp -target-feature +vfp3sp -target-feature -fp16 -target-feature -vfp4 -target-feature -vfp4d16 -target-feature -vfp4d16sp -target-feature -vfp4sp -target-feature -fp-armv8 -target-feature -fp-armv8d16 -target-feature -fp-armv8d16sp -target-feature -fp-armv8sp -target-feature -fullfp16 -target-feature +fp64 -target-feature +d32 -target-feature +neon -target-feature -sha2 -target-feature -aes -target-feature -fp16fml -target-abi aapcs-linux -mfloat-abi soft -mllvm -treat-scalable-fixed-error-as-warning -debug-info-kind=constructor -dwarf-version=4 -debugger-tuning=gdb -v -ffunction-sections -fdata-sections -fcoverage-compilation-dir=/workspace/app/.cxx/RelWithDebInfo/1s27t517/armeabi-v7a/CMakeFiles/CMakeTmp -resource-dir /home/ubuntu/android-sdk/ndk/26.1.10909125/toolchains/llvm/prebuilt/linux-x86_64/lib/clang/17 -dependency-file CMakeFiles/cmTC_a8c2d.dir/CMakeCCompilerABI.c.o.d -MT CMakeFiles/cmTC_a8c2d.dir/CMakeCCompilerABI.c.o -sys-header-deps -D ANDROID -D _FORTIFY_SOURCE=2 -isysroot /home/ubuntu/android-sdk/ndk/26.1.10909125/toolchains/llvm/prebuilt/linux-x86_64/sysroot -internal-isystem /home/ubuntu/android-sdk/ndk/26.1.10909125/toolchains/llvm/prebuilt/linux-x86_64/lib/clang/17/include -internal-isystem /home/ubuntu/android-sdk/ndk/26.1.10909125/toolchains/llvm/prebuilt/linux-x86_64/sysroot/usr/local/include -internal-externc-isystem /home/ubuntu/android-sdk/ndk/26.1.10909125/toolchains/llvm/prebuilt/linux-x86_64/sysroot/usr/include/arm-linux-androideabi -internal-externc-isystem /home/ubuntu/android-sdk/ndk/26.1.10909125/toolchains/llvm/prebuilt/linux-x86_64/sysroot/include -internal-externc-isystem /home/ubuntu/android-sdk/ndk/26.1.10909125/toolchains/llvm/prebuilt/linux-x86_64/sysroot/usr/include -Wformat -fdebug-compilation-dir=/workspace/app/.cxx/RelWithDebInfo/1s27t517/armeabi-v7a/CMakeFiles/CMakeTmp -ferror-limit 19 -stack-protector 2 -fno-signed-char -fgnuc-version=4.2.1 -D__GCC_HAVE_DWARF2_CFI_ASM=1 -o CMakeFiles/cmTC_a8c2d.dir/CMakeCCompilerABI.c.o -x c /home/ubuntu/android-sdk/cmake/3.22.1/share/cmake-3.22/Modules/CMakeCCompilerABI.c]
  ignore line: [clang -cc1 version 17.0.2 based upon LLVM 17.0.2 default target x86_64-unknown-linux-gnu]
  ignore line: [ignoring nonexistent directory "/home/ubuntu/android-sdk/ndk/26.1.10909125/toolchains/llvm/prebuilt/linux-x86_64/sysroot/usr/local/include"]
  ignore line: [ignoring nonexistent directory "/home/ubuntu/android-sdk/ndk/26.1.10909125/toolchains/llvm/prebuilt/linux-x86_64/sysroot/include"]
  ignore line: [#include "..." search starts here:]
  ignore line: [#include <...> search starts here:]
  ignore line: [ /home/ubuntu/android-sdk/ndk/26.1.10909125/toolchains/llvm/prebuilt/linux-x86_64/lib/clang/17/include]
  ignore line: [ /home/ubuntu/android-sdk/ndk/26.1.10909125/toolchains/llvm/prebuilt/linux-x86_64/sysroot/usr/include/arm-linux-androideabi]
  ignore line: [ /home/ubuntu/android-sdk/ndk/26.1.10909125/toolchains/llvm/prebuilt/linux-x86_64/sysroot/usr/include]
  ignore line: [End of search list.]
  ignore line: [[2/2] Linking C executable cmTC_a8c2d]
  ignore line: [Android (10552028  +pgo  +bolt  +lto  -mlgo  based on r487747d) clang version 17.0.2 (https://android.googlesource.com/toolchain/llvm-project d9f89f4d16663d5012e5c09495f3b30ece3d2362)]
  ignore line: [Target: armv7-none-linux-android24]
  ignore line: [Thread model: posix]
  ignore line: [InstalledDir: /home/ubuntu/android-sdk/ndk/26.1.10909125/toolchains/llvm/prebuilt/linux-x86_64/bin]
  link line: [ "/home/ubuntu/android-sdk/ndk/26.1.10909125/toolchains/llvm/prebuilt/linux-x86_64/bin/ld.lld" --sysroot=/home/ubuntu/android-sdk/ndk/26.1.10909125/toolchains/llvm/prebuilt/linux-x86_64/sysroot -pie -EL -z now -z relro -z max-page-size=4096 -X --hash-style=gnu --eh-frame-hdr -m armelf_linux_eabi -dynamic-linker /system/bin/linker -o cmTC_a8c2d /home/ubuntu/android-sdk/ndk/26.1.10909125/toolchains/llvm/prebuilt/linux-x86_64/sysroot/usr/lib/arm-linux-androideabi/24/crtbegin_dynamic.o -L/home/ubuntu/android-sdk/ndk/26.1.10909125/toolchains/llvm/prebuilt/linux-x86_64/lib/clang/17/lib/linux/arm -L/home/ubuntu/android-sdk/ndk/26.1.10909125/toolchains/llvm/prebuilt/linux-x86_64/sysroot/usr/lib/arm-linux-androideabi/24 -L/home/ubuntu/android-sdk/ndk/26.1.10909125/toolchains/llvm/prebuilt/linux-x86_64/sysroot/usr/lib/arm-linux-androideabi -L/home/ubuntu/android-sdk/ndk/26.1.10909125/toolchains/llvm/prebuilt/linux-x86_64/sysroot/usr/lib/../lib -L/home/ubuntu/android-sdk/ndk/26.1.10909125/toolchains/llvm/prebuilt/linux-x86_64/sysroot/usr/lib --build-id=sha1 --no-rosegment --no-undefined-version --fatal-warnings --no-undefined CMakeFiles/cmTC_a8c2d.dir/CMakeCCompilerABI.c.o /home/ubuntu/android-sdk/ndk/26.1.10909125/toolchains/llvm/prebuilt/linux-x86_64/lib/clang/17/lib/linux/libclang_rt.builtins-arm-android.a -l:libunwind.a -ldl -lc /home/ubuntu/android-sdk/ndk/26.1.10909125/toolchains/llvm/prebuilt/linux-x86_64/lib/clang/17/lib/linux/libclang_rt.builtins-arm-android.a -l:libunwind.a -ldl /home/ubuntu/android-sdk/ndk/26.1.10909125/toolchains/llvm/prebuilt/linux-x86_64/sysroot/usr/lib/arm-linux-androideabi/24/crtend_android.o]
    arg [/home/ubuntu/android-sdk/ndk/26.1.10909125/toolchains/llvm/prebuilt/linux-x86_64/bin/ld.lld] ==> ignore
    arg [--sysroot=/home/ubuntu/android-sdk/ndk/26.1.10909125/toolchains/llvm/prebuilt/linux-x86_64/sysroot] ==> ignore
    arg [-pie] ==> ignore
    arg [-EL] ==> ignore
    arg [-znow] ==> ignore
    arg [-zrelro] ==> ignore
    arg [-zmax-page-size=4096] ==> ignore
    arg [-X] ==> ignore
    arg [--hash-style=gnu] ==> ignore
    arg [--eh-frame-hdr] ==> ignore
    arg [-m] ==> ignore
    arg [armelf_linux_eabi] ==> ignore
    arg [-dynamic-linker] ==> ignore
    arg [/system/bin/linker] ==> ignore
    arg [-o] ==> ignore
    arg [cmTC_a8c2d] ==> ignore
    arg [/home/ubuntu/android-sdk/ndk/26.1.10909125/toolchains/llvm/prebuilt/linux-x86_64/sysroot/usr/lib/arm-linux-androideabi/24/crtbegin_dynamic.o] ==> obj [/home/ubuntu/android-sdk/ndk/26.1.10909125/toolchains/llvm/prebuilt/linux-x86_64/sysroot/usr/lib/arm-linux-androideabi/24/crtbegin_dynamic.o]
    arg [-L/home/ubuntu/android-sdk/ndk/26.1.10909125/toolchains/llvm/prebuilt/linux-x86_64/lib/clang/17/lib/linux/arm] ==> dir [/home/ubuntu/android-sdk/ndk/26.1.10909125/toolchains/llvm/prebuilt/linux-x86_64/lib/clang/17/lib/linux/arm]
    arg [-L/home/ubuntu/android-sdk/ndk/26.1.10909125/toolchains/llvm/prebuilt/linux-x86_64/sysroot/usr/lib/arm-linux-androideabi/24] ==> dir [/home/ubuntu/android-sdk/ndk/26.1.10909125/toolchains/llvm/prebuilt/linux-x86_64/sysroot/usr/lib/arm-linux-androideabi/24]
    arg [-L/home/ubuntu/android-sdk/ndk/26.1.10909125/toolchains/llvm/prebuilt/linux-x86_64/sysroot/usr/lib/arm-linux-androideabi] ==> dir [/home/ubuntu/android-sdk/ndk/26.1.10909125/toolchains/llvm/prebuilt/linux-x86_64/sysroot/usr/lib/arm-linux-androideabi]
    arg [-L/home/ubuntu/android-sdk/ndk/26.1.10909125/toolchains/llvm/prebuilt/linux-x86_64/sysroot/usr/lib/../lib] ==> dir [/home/ubuntu/android-sdk/ndk/26.1.10909125/toolchains/llvm/prebuilt/linux-x86_64/sysroot/usr/lib/../lib]
    arg [-L/home/ubuntu/android-sdk/ndk/26.1.10909125/toolchains/llvm/prebuilt/linux-x86_64/sysroot/usr/lib] ==> dir [/home/ubuntu/android-sdk/ndk/26.1.10909125/toolchains/llvm/prebuilt/linux-x86_64/sysroot/usr/lib]
    arg [--build-id=sha1] ==> ignore
    arg [--no-rosegment] ==> ignore
    arg [--no-undefined-version] ==> ignore
    arg [--fatal-warnings] ==> ignore
    arg [--no-undefined] ==> ignore
    arg [CMakeFiles/cmTC_a8c2d.dir/CMakeCCompilerABI.c.o] ==> ignore
    arg [/home/ubuntu/android-sdk/ndk/26.1.10909125/toolchains/llvm/prebuilt/linux-x86_64/lib/clang/17/lib/linux/libclang_rt.builtins-arm-android.a] ==> lib [/home/ubuntu/android-sdk/ndk/26.1.10909125/toolchains/llvm/prebuilt/linux-x86_64/lib/clang/17/lib/linux/libclang_rt.builtins-arm-android.a]
    arg [-l:libunwind.a] ==> lib [-l:libunwind.a]
    arg [-ldl] ==> lib [dl]
    arg [-lc] ==> lib [c]
    arg [/home/ubuntu/android-sdk/ndk/26.1.10909125/toolchains/llvm/prebuilt/linux-x86_64/lib/clang/17/lib/linux/libclang_rt.builtins-arm-android.a] ==> lib [/home/ubuntu/android-sdk/ndk/26.1.10909125/toolchains/llvm/prebuilt/linux-x86_64/lib/clang/17/lib/linux/libclang_rt.builtins-arm-android.a]
    arg [-l:libunwind.a] ==> lib [-l:libunwind.a]
    arg [-ldl] ==> lib [dl]
    arg [/home/ubuntu/android-sdk/ndk/26.1.10909125/toolchains/llvm/prebuilt/linux-x86_64/sysroot/usr/lib/arm-linux-androideabi/24/crtend_android.o] ==> obj [/home/ubuntu/android-sdk/ndk/26.1.10909125/toolchains/llvm/prebuilt/linux-x86_64/sysroot/usr/lib/arm-linux-androideabi/24/crtend_android.o]
  remove lib [/home/ubuntu/android-sdk/ndk/26.1.10909125/toolchains/llvm/prebuilt/linux-x86_64/lib/clang/17/lib/linux/libclang_rt.builtins-arm-android.a]
  remove lib [/home/ubuntu/android-sdk/ndk/26.1.10909125/toolchains/llvm/prebuilt/linux-x86_64/lib/clang/17/lib/linux/libclang_rt.builtins-arm-android.a]
  collapse library dir [/home/ubuntu/android-sdk/ndk/26.1.10909125/toolchains/llvm/prebuilt/linux-x86_64/lib/clang/17/lib/linux/arm] ==> [/home/ubuntu/android-sdk/ndk/26.1.10909125/toolchains/llvm/prebuilt/linux-x86_64/lib/clang/17/lib/linux/arm]
  collapse library dir [/home/ubuntu/android-sdk/ndk/26.1.10909125/toolchains/llvm/prebuilt/linux-x86_64/sysroot/usr/lib/arm-linux-androideabi/24] ==> [/home/ubuntu/android-sdk/ndk/26.1.10909125/toolchains/llvm/prebuilt/linux-x86_64/sysroot/usr/lib/arm-linux-androideabi/24]
  collapse library dir [/home/ubuntu/android-sdk/ndk/26.1.10909125/toolchains/llvm/prebuilt/linux-x86_64/sysroot/usr/lib/arm-linux-androideabi] ==> [/home/ubuntu/android-sdk/ndk/26.1.10909125/toolchains/llvm/prebuilt/linux-x86_64/sysroot/usr/lib/arm-linux-androideabi]
  collapse library dir [/home/ubuntu/android-sdk/ndk/26.1.10909125/toolchains/llvm/prebuilt/linux-x86_64/sysroot/usr/lib/../lib] ==> [/home/ubuntu/android-sdk/ndk/26.1.10909125/toolchains/llvm/prebuilt/linux-x86_64/sysroot/usr/lib]
  collapse library dir [/home/ubuntu/android-sdk/ndk/26.1.10909125/toolchains/llvm/prebuilt/linux-x86_64/sysroot/usr/lib] ==> [/home/ubuntu/android-sdk/ndk/26.1.10909125/toolchains/llvm/prebuilt/linux-x86_64/sysroot/usr/lib]
  implicit libs: [-l:libunwind.a;dl;c;-l:libunwind.a;dl]
  implicit objs: [/home/ubuntu/android-sdk/ndk/26.1.10909125/toolchains/llvm/prebuilt/linux-x86_64/sysroot/usr/lib/arm-linux-androideabi/24/crtbegin_dynamic.o;/home/ubuntu/android-sdk/ndk/26.1.10909125/toolchains/llvm/prebuilt/linux-x86_64/sysroot/usr/lib/arm-linux-androideabi/24/crtend_android.o]
  implicit dirs: [/home/ubuntu/android-sdk/ndk/26.1.10909125/toolchains/llvm/prebuilt/linux-x86_64/lib/clang/17/lib/linux/arm;/home/ubuntu/android-sdk/ndk/26.1.10909125/toolchains/llvm/prebuilt/linux-x86_64/sysroot/usr/lib/arm-linux-androideabi/24;/home/ubuntu/android-sdk/ndk/26.1.10909125/toolchains/llvm/prebuilt/linux-x86_64/sysroot/usr/lib/arm-linux-androideabi;/home/ubuntu/android-sdk/ndk/26.1.10909125/toolchains/llvm/prebuilt/linux-x86_64/sysroot/usr/lib]
  implicit fwks: []


Detecting CXX compiler ABI info compiled with the following output:
Change Dir: /workspace/app/.cxx/RelWithDebInfo/1s27t517/armeabi-v7a/CMakeFiles/CMakeTmp

Run Build Command(s):/home/ubuntu/android-sdk/cmake/3.22.1/bin/ninja cmTC_a0ba7 && [1/2] Building CXX object CMakeFiles/cmTC_a0ba7.dir/CMakeCXXCompilerABI.cpp.o
Android (10552028, +pgo, +bolt, +lto, -mlgo, based on r487747d) clang version 17.0.2 (https://android.googlesource.com/toolchain/llvm-project d9f89f4d16663d5012e5c09495f3b30ece3d2362)
Target: armv7-none-linux-android24
Thread model: posix
InstalledDir: /home/ubuntu/android-sdk/ndk/26.1.10909125/toolchains/llvm/prebuilt/linux-x86_64/bin
 (in-process)
 "/home/ubuntu/android-sdk/ndk/26.1.10909125/toolchains/llvm/prebuilt/linux-x86_64/bin/clang++" -cc1 -triple thumbv7-none-linux-android24 -emit-obj -disable-free -clear-ast-before-backend -disable-llvm-verifier -discard-value-names -main-file-name CMakeCXXCompilerABI.cpp -mrelocation-model pic -pic-level 2 -pic-is-pie -mframe-pointer=all -ffp-contract=on -fno-rounding-math -mconstructor-aliases -funwind-tables=1 -target-cpu generic -target-feature +soft-float-abi -target-feature +vfp2 -target-feature +vfp2sp -target-feature +vfp3 -target-feature +vfp3d16 -target-feature +vfp3d16sp -target-feature +vfp3sp -target-feature -fp16 -target-feature -vfp4 -target-feature -vfp4d16 -target-feature -vfp4d16sp -target-feature -vfp4sp -target-feature -fp-armv8 -target-feature -fp-armv8d16 -target-feature -fp-armv8d16sp -target-feature -fp-armv8sp -target-feature -fullfp16 -target-feature +fp64 -target-feature +d32 -target-feature +neon -target-feature -sha2 -target-feature -aes -target-feature -fp16fml -target-abi aapcs-linux -mfloat-abi soft -mllvm -treat-scalable-fixed-error-as-warning -debug-info-kind=constructor -dwarf-version=4 -debugger-tuning=gdb -v -ffunction-sections -fdata-sections -fcoverage-compilation-dir=/workspace/app/.cxx/RelWithDebInfo/1s27t517/armeabi-v7a/CMakeFiles/CMakeTmp -resource-dir /home/ubuntu/android-sdk/ndk/26.1.10909125/toolchains/llvm/prebuilt/linux-x86_64/lib/clang/17 -dependency-file CMakeFiles/cmTC_a0ba7.dir/CMakeCXXCompilerABI.cpp.o.d -MT CMakeFiles/cmTC_a0ba7.dir/CMakeCXXCompilerABI.cpp.o -sys-header-deps -D ANDROID -D _FORTIFY_SOURCE=2 -isysroot /home/ubuntu/android-sdk/ndk/26.1.10909125/toolchains/llvm/prebuilt/linux-x86_64/sysroot -internal-isystem /home/ubuntu/android-sdk/ndk/26.1.10909125/toolchains/llvm/prebuilt/linux-x86_64/sysroot/usr/include/c++/v1 -internal-isystem /home/ubuntu/android-sdk/ndk/26.1.10909125/toolchains/llvm/prebuilt/linux-x86_64/lib/clang/17/include -internal-isystem /home/ubuntu/android-sdk/ndk/26.1.10909125/toolchains/llvm/prebuilt/linux-x86_64/sysroot/usr/local/include -internal-externc-isystem /home/ubuntu/android-sdk/ndk/26.1.10909125/toolchains/llvm/prebuilt/linux-x86_64/sysroot/usr/include/arm-linux-androideabi -internal-externc-isystem /home/ubuntu/android-sdk/ndk/26.1.10909125/toolchains/llvm/prebuilt/linux-x86_64/sysroot/include -internal-externc-isystem /home/ubuntu/android-sdk/ndk/26.1.10909125/toolchains/llvm/prebuilt/linux-x86_64/sysroot/usr/include -O2 -Wformat -fdeprecated-macro -fdebug-compilation-dir=/workspace/app/.cxx/RelWithDebInfo/1s27t517/armeabi-v7a/CMakeFiles/CMakeTmp -ferror-limit 19 -fvisibility=hidden -stack-protector 2 -fno-signed-char -fgnuc-version=4.2.1 -fcxx-exceptions -fexceptions -vectorize-loops -vectorize-slp -D__GCC_HAVE_DWARF2_CFI_ASM=1 -o CMakeFiles/cmTC_a0ba7.dir/CMakeCXXCompilerABI.cpp.o -x c++ /home/ubuntu/android-sdk/cmake/3.22.1/share/cmake-3.22/Modules/CMakeCXXCompilerABI.cpp
clang -cc1 version 17.0.2 based upon LLVM 17.0.2 default target x86_64-unknown-linux-gnu
ignoring nonexistent directory "/home/ubuntu/android-sdk/ndk/26.1.10909125/toolchains/llvm/prebuilt/linux-x86_64/sysroot/usr/local/include"
ignoring nonexistent directory "/home/ubuntu/android-sdk/ndk/26.1.10909125/toolchains/llvm/prebuilt/linux-x86_64/sysroot/include"
#include "..." search starts here:
#include <...> search starts here:
 /home/ubuntu/android-sdk/ndk/26.1.10909125/toolchains/llvm/prebuilt/linux-x86_64/sysroot/usr/include/c++/v1
 /home/ubuntu/android-sdk/ndk/26.1.10909125/toolchains/llvm/prebuilt/linux-x86_64/lib/clang/17/include
 /home/ubuntu/android-sdk/ndk/26.1.10909125/toolchains/llvm/prebuilt/linux-x86_64/sysroot/usr/include/arm-linux-androideabi
 /home/ubuntu/android-sdk/ndk/26.1.10909125/toolchains/llvm/prebuilt/linux-x86_64/sysroot/usr/include
End of search list.
[2/2] Linking CXX executable cmTC_a0ba7
Android (10552028, +pgo, +bolt, +lto, -mlgo, based on r487747d) clang version 17.0.2 (https://android.googlesource.com/toolchain/llvm-project d9f89f4d16663d5012e5c09495f3b30ece3d2362)
Target: armv7-none-linux-android24
Thread model: posix
InstalledDir: /home/ubuntu/android-sdk/ndk/26.1.10909125/toolchains/llvm/prebuilt/linux-x86_64/bin
 "/home/ubuntu/android-sdk/ndk/26.1.10909125/toolchains/llvm/prebuilt/linux-x86_64/bin/ld.lld" --sysroot=/home/ubuntu/android-sdk/ndk/26.1.10909125/toolchains/llvm/prebuilt/linux-x86_64/sysroot -pie -EL -z now -z relro -z max-page-size=4096 -X --hash-style=gnu --eh-frame-hdr -m armelf_linux_eabi -dynamic-linker /system/bin/linker -o cmTC_a0ba7 /home/ubuntu/android-sdk/ndk/26.1.10909125/toolchains/llvm/prebuilt/linux-x86_64/sysroot/usr/lib/arm-linux-androideabi/24/crtbegin_dynamic.o -L/home/ubuntu/android-sdk/ndk/26.1.10909125/toolchains/llvm/prebuilt/linux-x86_64/lib/clang/17/lib/linux/arm -L/home/ubuntu/android-sdk/ndk/26.1.10909125/toolchains/llvm/prebuilt/linux-x86_64/sysroot/usr/lib/arm-linux-androideabi/24 -L/home/ubuntu/android-sdk/ndk/26.1.10909125/toolchains/llvm/prebuilt/linux-x86_64/sysroot/usr/lib/arm-linux-androideabi -L/home/ubuntu/android-sdk/ndk/26.1.10909125/toolchains/llvm/prebuilt/linux-x86_64/sysroot/usr/lib/../lib -L/home/ubuntu/android-sdk/ndk/26.1.10909125/toolchains/llvm/prebuilt/linux-x86_64/sysroot/usr/lib --build-id=sha1 --no-rosegment --no-undefined-version --fatal-warnings --no-undefined CMakeFiles/cmTC_a0ba7.dir/CMakeCXXCompilerABI.cpp.o -lc++ -lm /home/ubuntu/android-sdk/ndk/26.1.10909125/toolchains/llvm/prebuilt/linux-x86_64/lib/clang/17/lib/linux/libclang_rt.builtins-arm-android.a -l:libunwind.a -ldl -lc /home/ubuntu/android-sdk/ndk/26.1.10909125/toolchains/llvm/prebuilt/linux-x86_64/lib/clang/17/lib/linux/libclang_rt.builtins-arm-android.a -l:libunwind.a -ldl /home/ubuntu/android-sdk/ndk/26.1.10909125/toolchains/llvm/prebuilt/linux-x86_64/sysroot/usr/lib/arm-linux-androideabi/24/crtend_android.o



Parsed CXX implicit include dir info from above output: rv=done
  found start of include info
  found start of implicit include info
    add: [/home/ubuntu/android-sdk/ndk/26.1.10909125/toolchains/llvm/prebuilt/linux-x86_64/sysroot/usr/include/c++/v1]
    add: [/home/ubuntu/android-sdk/ndk/26.1.10909125/toolchains/llvm/prebuilt/linux-x86_64/lib/clang/17/include]
    add: [/home/ubuntu/android-sdk/ndk/26.1.10909125/toolchains/llvm/prebuilt/linux-x86_64/sysroot/usr/include/arm-linux-androideabi]
    add: [/home/ubuntu/android-sdk/ndk/26.1.10909125/toolchains/llvm/prebuilt/linux-x86_64/sysroot/usr/include]
  end of search list found
  collapse include dir [/home/ubuntu/android-sdk/ndk/26.1.10909125/toolchains/llvm/prebuilt/linux-x86_64/sysroot/usr/include/c++/v1] ==> [/home/ubuntu/android-sdk/ndk/26.1.10909125/toolchains/llvm/prebuilt/linux-x86_64/sysroot/usr/include/c++/v1]
  collapse include dir [/home/ubuntu/android-sdk/ndk/26.1.10909125/toolchains/llvm/prebuilt/linux-x86_64/lib/clang/17/include] ==> [/home/ubuntu/android-sdk/ndk/26.1.10909125/toolchains/llvm/prebuilt/linux-x86_64/lib/clang/17/include]
  collapse include dir [/home/ubuntu/android-sdk/ndk/26.1.10909125/toolchains/llvm/prebuilt/linux-x86_64/sysroot/usr/include/arm-linux-androideabi] ==> [/home/ubuntu/android-sdk/ndk/26.1.10909125/toolchains/llvm/prebuilt/linux-x86_64/sysroot/usr/include/arm-linux-androideabi]
  collapse include dir [/home/ubuntu/android-sdk/ndk/26.1.10909125/toolchains/llvm/prebuilt/linux-x86_64/sysroot/usr/include] ==> [/home/ubuntu/android-sdk/ndk/26.1.10909125/toolchains/llvm/prebuilt/linux-x86_64/sysroot/usr/include]
  implicit include dirs: [/home/ubuntu/android-sdk/ndk/26.1.10909125/toolchains/llvm/prebuilt/linux-x86_64/sysroot/usr/include/c++/v1;/home/ubuntu/android-sdk/ndk/26.1.10909125/toolchains/llvm/prebuilt/linux-x86_64/lib/clang/17/include;/home/ubuntu/android-sdk/ndk/26.1.10909125/toolchains/llvm/prebuilt/linux-x86_64/sysroot/usr/include/arm-linux-androideabi;/home/ubuntu/android-sdk/ndk/26.1.10909125/toolchains/llvm/prebuilt/linux-x86_64/sysroot/usr/include]


Parsed CXX implicit link information from above output:
  link line regex: [^( *|.*[/\])(ld\.lld|CMAKE_LINK_STARTFILE-NOTFOUND|([^/\]+-)?ld|collect2)[^/\]*( |$)]
  ignore line: [Change Dir: /workspace/app/.cxx/RelWithDebInfo/1s27t517/armeabi-v7a/CMakeFiles/CMakeTmp]
  ignore line: []
  ignore line: [Run Build Command(s):/home/ubuntu/android-sdk/cmake/3.22.1/bin/ninja cmTC_a0ba7 && [1/2] Building CXX object CMakeFiles/cmTC_a0ba7.dir/CMakeCXXCompilerABI.cpp.o]
  ignore line: [Android (10552028  +pgo  +bolt  +lto  -mlgo  based on r487747d) clang version 17.0.2 (https://android.googlesource.com/toolchain/llvm-project d9f89f4d16663d5012e5c09495f3b30ece3d2362)]
  ignore line: [Target: armv7-none-linux-android24]
  ignore line: [Thread model: posix]
  ignore line: [InstalledDir: /home/ubuntu/android-sdk/ndk/26.1.10909125/toolchains/llvm/prebuilt/linux-x86_64/bin]
  ignore line: [ (in-process)]
  ignore line: [ "/home/ubuntu/android-sdk/ndk/26.1.10909125/toolchains/llvm/prebuilt/linux-x86_64/bin/clang++" -cc1 -triple thumbv7-none-linux-android24 -emit-obj -disable-free -clear-ast-before-backend -disable-llvm-verifier -discard-value-names -main-file-name CMakeCXXCompilerABI.cpp -mrelocation-model pic -pic-level 2 -pic-is-pie -mframe-pointer=all -ffp-contract=on -fno-rounding-math -mconstructor-aliases -funwind-tables=1 -target-cpu generic -target-feature +soft-float-abi -target-feature +vfp2 -target-feature +vfp2sp -target-feature +vfp3 -target-feature +vfp3d16 -target-feature +vfp3d16sp -target-feature +vfp3sp -target-feature -fp16 -target-feature -vfp4 -target-feature -vfp4d16 -target-feature -vfp4d16sp -target-feature -vfp4sp -target-feature -fp-armv8 -target-feature -fp-armv8d16 -target-feature -fp-armv8d16sp -target-feature -fp-armv8sp -target-feature -fullfp16 -target-feature +fp64 -target-feature +d32 -target-feature +neon -target-feature -sha2 -target-feature -aes -target-feature -fp16fml -target-abi aapcs-linux -mfloat-abi soft -mllvm -treat-scalable-fixed-error-as-warning -debug-info-kind=constructor -dwarf-version=4 -debugger-tuning=gdb -v -ffunction-sections -fdata-sections -fcoverage-compilation-dir=/workspace/app/.cxx/RelWithDebInfo/1s27t517/armeabi-v7a/CMakeFiles/CMakeTmp -resource-dir /home/ubuntu/android-sdk/ndk/26.1.10909125/toolchains/llvm/prebuilt/linux-x86_64/lib/clang/17 -dependency-file CMakeFiles/cmTC_a0ba7.dir/CMakeCXXCompilerABI.cpp.o.d -MT CMakeFiles/cmTC_a0ba7.dir/CMakeCXXCompilerABI.cpp.o -sys-header-deps -D ANDROID -D _FORTIFY_SOURCE=2 -isysroot /home/ubuntu/android-sdk/ndk/26.1.10909125/toolchains/llvm/prebuilt/linux-x86_64/sysroot -internal-isystem /home/ubuntu/android-sdk/ndk/26.1.10909125/toolchains/llvm/prebuilt/linux-x86_64/sysroot/usr/include/c++/v1 -internal-isystem /home/ubuntu/android-sdk/ndk/26.1.10909125/toolchains/llvm/prebuilt/linux-x86_64/lib/clang/17/include -internal-isystem /home/ubuntu/android-sdk/ndk/26.1.10909125/toolchains/llvm/prebuilt/linux-x86_64/sysroot/usr/local/include -internal-externc-isystem /home/ubuntu/android-sdk/ndk/26.1.10909125/toolchains/llvm/prebuilt/linux-x86_64/sysroot/usr/include/arm-linux-androideabi -internal-externc-isystem /home/ubuntu/android-sdk/ndk/26.1.10909125/toolchains/llvm/prebuilt/linux-x86_64/sysroot/include -internal-externc-isystem /home/ubuntu/android-sdk/ndk/26.1.10909125/toolchains/llvm/prebuilt/linux-x86_64/sysroot/usr/include -O2 -Wformat -fdeprecated-macro -fdebug-compilation-dir=/workspace/app/.cxx/RelWithDebInfo/1s27t517/armeabi-v7a/CMakeFiles/CMakeTmp -ferror-limit 19 -fvisibility=hidden -stack-protector 2 -fno-signed-char -fgnuc-version=4.2.1 -fcxx-exceptions -fexceptions -vectorize-loops -vectorize-slp -D__GCC_HAVE_DWARF2_CFI_ASM=1 -o CMakeFiles/cmTC_a0ba7.dir/CMakeCXXCompilerABI.cpp.o -x c++ /home/ubuntu/android-sdk/cmake/3.22.1/share/cmake-3.22/Modules/CMakeCXXCompilerABI.cpp]
  ignore line: [clang -cc1 version 17.0.2 based upon LLVM 17.0.2 default target x86_64-unknown-linux-gnu]
  ignore line: [ignoring nonexistent directory "/home/ubuntu/android-sdk/ndk/26.1.10909125/toolchains/llvm/prebuilt/linux-x86_64/sysroot/usr/local/include"]
  ignore line: [ignoring nonexistent directory "/home/ubuntu/android-sdk/ndk/26.1.10909125/toolchains/llvm/prebuilt/linux-x86_64/sysroot/include"]
  ignore line: [#include "..." search starts here:]
  ignore line: [#include <...> search starts here:]
  ignore line: [ /home/ubuntu/android-sdk/ndk/26.1.10909125/toolchains/llvm/prebuilt/linux-x86_64/sysroot/usr/include/c++/v1]
  ignore line: [ /home/ubuntu/android-sdk/ndk/26.1.10909125/toolchains/llvm/prebuilt/linux-x86_64/lib/clang/17/include]
  ignore line: [ /home/ubuntu/android-sdk/ndk/26.1.10909125/toolchains/llvm/prebuilt/linux-x86_64/sysroot/usr/include/arm-linux-androideabi]
  ignore line: [ /home/ubuntu/android-sdk/ndk/26.1.10909125/toolchains/llvm/prebuilt/linux-x86_64/sysroot/usr/include]
  ignore line: [End of search list.]
  ignore line: [[2/2] Linking CXX executable cmTC_a0ba7]
  ignore line: [Android (10552028  +pgo  +bolt  +lto  -mlgo  based on r487747d) clang version 17.0.2 (https://android.googlesource.com/toolchain/llvm-project d9f89f4d16663d5012e5c09495f3b30ece3d2362)]
  ignore line: [Target: armv7-none-linux-android24]
  ignore line: [Thread model: posix]
  ignore line: [InstalledDir: /home/ubuntu/android-sdk/ndk/26.1.10909125/toolchains/llvm/prebuilt/linux-x86_64/bin]
  link line: [ "/home/ubuntu/android-sdk/ndk/26.1.10909125/toolchains/llvm/prebuilt/linux-x86_64/bin/ld.lld" --sysroot=/home/ubuntu/android-sdk/ndk/26.1.10909125/toolchains/llvm/prebuilt/linux-x86_64/sysroot -pie -EL -z now -z relro -z max-page-size=4096 -X --hash-style=gnu --eh-frame-hdr -m armelf_linux_eabi -dynamic-linker /system/bin/linker -o cmTC_a0ba7 /home/ubuntu/android-sdk/ndk/26.1.10909125/toolchains/llvm/prebuilt/linux-x86_64/sysroot/usr/lib/arm-linux-androideabi/24/crtbegin_dynamic.o -L/home/ubuntu/android-sdk/ndk/26.1.10909125/toolchains/llvm/prebuilt/linux-x86_64/lib/clang/17/lib/linux/arm -L/home/ubuntu/android-sdk/ndk/26.1.10909125/toolchains/llvm/prebuilt/linux-x86_64/sysroot/usr/lib/arm-linux-androideabi/24 -L/home/ubuntu/android-sdk/ndk/26.1.10909125/toolchains/llvm/prebuilt/linux-x86_64/sysroot/usr/lib/arm-linux-androideabi -L/home/ubuntu/android-sdk/ndk/26.1.10909125/toolchains/llvm/prebuilt/linux-x86_64/sysroot/usr/lib/../lib -L/home/ubuntu/android-sdk/ndk/26.1.10909125/toolchains/llvm/prebuilt/linux-x86_64/sysroot/usr/lib --build-id=sha1 --no-rosegment --no-undefined-version --fatal-warnings --no-undefined CMakeFiles/cmTC_a0ba7.dir/CMakeCXXCompilerABI.cpp.o -lc++ -lm /home/ubuntu/android-sdk/ndk/26.1.10909125/toolchains/llvm/prebuilt/linux-x86_64/lib/clang/17/lib/linux/libclang_rt.builtins-arm-android.a -l:libunwind.a -ldl -lc /home/ubuntu/android-sdk/ndk/26.1.10909125/toolchains/llvm/prebuilt/linux-x86_64/lib/clang/17/lib/linux/libclang_rt.builtins-arm-android.a -l:libunwind.a -ldl /home/ubuntu/android-sdk/ndk/26.1.10909125/toolchains/llvm/prebuilt/linux-x86_64/sysroot/usr/lib/arm-linux-androideabi/24/crtend_android.o]
    arg [/home/ubuntu/android-sdk/ndk/26.1.10909125/toolchains/llvm/prebuilt/linux-x86_64/bin/ld.lld] ==> ignore
    arg [--sysroot=/home/ubuntu/android-sdk/ndk/26.1.10909125/toolchains/llvm/prebuilt/linux-x86_64/sysroot] ==> ignore
    arg [-pie] ==> ignore
    arg [-EL] ==> ignore
    arg [-znow] ==> ignore
    arg [-zrelro] ==> ignore
    arg [-zmax-page-size=4096] ==> ignore
    arg [-X] ==> ignore
    arg [--hash-style=gnu] ==> ignore
    arg [--eh-frame-hdr] ==> ignore
    arg [-m] ==> ignore
    arg [armelf_linux_eabi] ==> ignore
    arg [-dynamic-linker] ==> ignore
    arg [/system/bin/linker] ==> ignore
    arg [-o] ==> ignore
    arg [cmTC_a0ba7] ==> ignore
    arg [/home/ubuntu/android-sdk/ndk/26.1.10909125/toolchains/llvm/prebuilt/linux-x86_64/sysroot/usr/lib/arm-linux-androideabi/24/crtbegin_dynamic.o] ==> obj [/home/ubuntu/android-sdk/ndk/26.1.10909125/toolchains/llvm/prebuilt/linux-x86_64/sysroot/usr/lib/arm-linux-androideabi/24/crtbegin_dynamic.o]
    arg [-L/home/ubuntu/android-sdk/ndk/26.1.10909125/toolchains/llvm/prebuilt/linux-x86_64/lib/clang/17/lib/linux/arm] ==> dir [/home/ubuntu/android-sdk/ndk/26.1.10909125/toolchains/llvm/prebuilt/linux-x86_64/lib/clang/17/lib/linux/arm]
    arg [-L/home/ubuntu/android-sdk/ndk/26.1.10909125/toolchains/llvm/prebuilt/linux-x86_64/sysroot/usr/lib/arm-linux-androideabi/24] ==> dir [/home/ubuntu/android-sdk/ndk/26.1.10909125/toolchains/llvm/prebuilt/linux-x86_64/sysroot/usr/lib/arm-linux-androideabi/24]
    arg [-L/home/ubuntu/android-sdk/ndk/26.1.10909125/toolchains/llvm/prebuilt/linux-x86_64/sysroot/usr/lib/arm-linux-androideabi] ==> dir [/home/ubuntu/android-sdk/ndk/26.1.10909125/toolchains/llvm/prebuilt/linux-x86_64/sysroot/usr/lib/arm-linux-androideabi]
    arg [-L/home/ubuntu/android-sdk/ndk/26.1.10909125/toolchains/llvm/prebuilt/linux-x86_64/sysroot/usr/lib/../lib] ==> dir [/home/ubuntu/android-sdk/ndk/26.1.10909125/toolchains/llvm/prebuilt/linux-x86_64/sysroot/usr/lib/../lib]
    arg [-L/home/ubuntu/android-sdk/ndk/26.1.10909125/toolchains/llvm/prebuilt/linux-x86_64/sysroot/usr/lib] ==> dir [/home/ubuntu/android-sdk/ndk/26.1.10909125/toolchains/llvm/prebuilt/linux-x86_64/sysroot/usr/lib]
    arg [--build-id=sha1] ==> ignore
    arg [--no-rosegment] ==> ignore
    arg [--no-undefined-version] ==> ignore
    arg [--fatal-warnings] ==> ignore
    arg [--no-undefined] ==> ignore
    arg [CMakeFiles/cmTC_a0ba7.dir/CMakeCXXCompilerABI.cpp.o] ==> ignore
    arg [-lc++] ==> lib [c++]
    arg [-lm] ==> lib [m]
    arg [/home/ubuntu/android-sdk/ndk/26.1.10909125/toolchains/llvm/prebuilt/linux-x86_64/lib/clang/17/lib/linux/libclang_rt.builtins-arm-android.a] ==> lib [/home/ubuntu/android-sdk/ndk/26.1.10909125/toolchains/llvm/prebuilt/linux-x86_64/lib/clang/17/lib/linux/libclang_rt.builtins-arm-android.a]
    arg [-l:libunwind.a] ==> lib [-l:libunwind.a]
    arg [-ldl] ==> lib [dl]
    arg [-lc] ==> lib [c]
    arg [/home/ubuntu/android-sdk/ndk/26.1.10909125/toolchains/llvm/prebuilt/linux-x86_64/lib/clang/17/lib/linux/libclang_rt.builtins-arm-android.a] ==> lib [/home/ubuntu/android-sdk/ndk/26.1.10909125/toolchains/llvm/prebuilt/linux-x86_64/lib/clang/17/lib/linux/libclang_rt.builtins-arm-android.a]
    arg [-l:libunwind.a] ==> lib [-l:libunwind.a]
    arg [-ldl] ==> lib [dl]
    arg [/home/ubuntu/android-sdk/ndk/26.1.10909125/toolchains/llvm/prebuilt/linux-x86_64/sysroot/usr/lib/arm-linux-androideabi/24/crtend_android.o] ==> obj [/home/ubuntu/android-sdk/ndk/26.1.10909125/toolchains/llvm/prebuilt/linux-x86_64/sysroot/usr/lib/arm-linux-androideabi/24/crtend_android.o]
  remove lib [/home/ubuntu/android-sdk/ndk/26.1.10909125/toolchains/llvm/prebuilt/linux-x86_64/lib/clang/17/lib/linux/libclang_rt.builtins-arm-android.a]
  remove lib [/home/ubuntu/android-sdk/ndk/26.1.10909125/toolchains/llvm/prebuilt/linux-x86_64/lib/clang/17/lib/linux/libclang_rt.builtins-arm-android.a]
  collapse library dir [/home/ubuntu/android-sdk/ndk/26.1.10909125/toolchains/llvm/prebuilt/linux-x86_64/lib/clang/17/lib/linux/arm] ==> [/home/ubuntu/android-sdk/ndk/26.1.10909125/toolchains/llvm/prebuilt/linux-x86_64/lib/clang/17/lib/linux/arm]
  collapse library dir [/home/ubuntu/android-sdk/ndk/26.1.10909125/toolchains/llvm/prebuilt/linux-x86_64/sysroot/usr/lib/arm-linux-androideabi/24] ==> [/home/ubuntu/android-sdk/ndk/26.1.10909125/toolchains/llvm/prebuilt/linux-x86_64/sysroot/usr/lib/arm-linux-androideabi/24]
  collapse library dir [/home/ubuntu/android-sdk/ndk/26.1.10909125/toolchains/llvm/prebuilt/linux-x86_64/sysroot/usr/lib/arm-linux-androideabi] ==> [/home/ubuntu/android-sdk/ndk/26.1.10909125/toolchains/llvm/prebuilt/linux-x86_64/sysroot/usr/lib/arm-linux-androideabi]
  collapse library dir [/home/ubuntu/android-sdk/ndk/26.1.10909125/toolchains/llvm/prebuilt/linux-x86_64/sysroot/usr/lib/../lib] ==> [/home/ubuntu/android-sdk/ndk/26.1.10909125/toolchains/llvm/prebuilt/linux-x86_64/sysroot/usr/lib]
  collapse library dir [/home/ubuntu/android-sdk/ndk/26.1.10909125/toolchains/llvm/prebuilt/linux-x86_64/sysroot/usr/lib] ==> [/home/ubuntu/android-sdk/ndk/26.1.10909125/toolchains/llvm/prebuilt/linux-x86_64/sysroot/usr/lib]
  implicit libs: [c++;m;-l:libunwind.a;dl;c;-l:libunwind.a;dl]
  implicit objs: [/home/ubuntu/android-sdk/ndk/26.1.10909125/toolchains/llvm/prebuilt/linux-x86_64/sysroot/usr/lib/arm-linux-androideabi/24/crtbegin_dynamic.o;/home/ubuntu/android-sdk/ndk/26.1.10909125/toolchains/llvm/prebuilt/linux-x86_64/sysroot/usr/lib/arm-linux-androideabi/24/crtend_android.o]
  implicit dirs: [/home/ubuntu/android-sdk/ndk/26.1.10909125/toolchains/llvm/prebuilt/linux-x86_64/lib/clang/17/lib/linux/arm;/home/ubuntu/android-sdk/ndk/26.1.10909125/toolchains/llvm/prebuilt/linux-x86_64/sysroot/usr/lib/arm-linux-androideabi/24;/home/ubuntu/android-sdk/ndk/26.1.10909125/toolchains/llvm/prebuilt/linux-x86_64/sysroot/usr/lib/arm-linux-androideabi;/home/ubuntu/android-sdk/ndk/26.1.10909125/toolchains/llvm/prebuilt/linux-x86_64/sysroot/usr/lib]
  implicit fwks: []


